flutter : "build linux" only supported on Linux hosts.
At line:1 char:1
+ flutter build linux 2>&1 > build_output.txt ; echo "Build complete" ; ...
+ ~~~~~~~~~~~~~~~~~~~~~~~~~~~~~~~~~~~~~~~~~~~
    + CategoryInfo          : NotSpecified: ("build linux" o...on Linux hosts.:String) [], RemoteException
    + FullyQualifiedErrorId : NativeCommandError
 
